2026-06-30 02:50:38,859 | INFO | MAXIE Boot Started
2026-06-30 02:50:38,859 | INFO | Voice Engine Loaded
2026-06-30 02:50:38,859 | INFO | Configuration Loaded
2026-06-30 02:50:38,859 | INFO | Boot Completed Successfully
2026-06-30 02:55:55,938 | INFO | MAXIE Boot Started
2026-06-30 02:55:55,939 | INFO | Voice Engine Loaded
2026-06-30 02:55:55,939 | INFO | Configuration Loaded
2026-06-30 02:55:55,939 | INFO | Boot Completed Successfully
2026-06-30 08:37:44,284 | INFO | MAXIE Boot Started
2026-06-30 08:37:44,285 | INFO | Voice Engine Loaded
2026-06-30 08:37:44,285 | INFO | Configuration Loaded
2026-06-30 08:37:44,285 | INFO | Boot Completed Successfully
2026-06-30 08:45:42,182 | INFO | MAXIE Boot Started
2026-06-30 08:45:42,182 | INFO | Voice Engine Loaded
2026-06-30 08:45:42,183 | INFO | Configuration Loaded
2026-06-30 08:45:42,183 | INFO | Boot Completed Successfully
2026-06-30 08:52:21,549 | INFO | MAXIE Boot Started
2026-06-30 08:52:21,549 | INFO | Voice Engine Loaded
2026-06-30 08:52:21,549 | INFO | Configuration Loaded
2026-06-30 08:52:21,549 | INFO | Boot Completed Successfully
2026-06-30 08:59:31,868 | INFO | MAXIE Boot Started
2026-06-30 08:59:31,868 | INFO | Voice Engine Loaded
2026-06-30 08:59:31,868 | INFO | Configuration Loaded
2026-06-30 08:59:31,868 | INFO | Boot Completed Successfully
2026-06-30 09:09:49,762 | INFO | MAXIE Boot Started
2026-06-30 09:09:49,763 | INFO | Voice Engine Loaded
2026-06-30 09:09:49,763 | INFO | Configuration Loaded
2026-06-30 09:09:49,763 | INFO | Boot Completed Successfully
2026-06-30 09:17:44,372 | INFO | Imported existing <module 'comtypes.gen' from 'C:\\Users\\ALWIN\\AppData\\Roaming\\Python\\Python314\\site-packages\\comtypes\\gen\\__init__.py'>
2026-06-30 09:17:44,372 | INFO | Using writeable comtypes cache directory: 'C:\Users\ALWIN\AppData\Roaming\Python\Python314\site-packages\comtypes\gen'
2026-06-30 09:17:44,481 | INFO | MAXIE Boot Started
2026-06-30 09:18:06,664 | INFO | MAXIE Started Successfully
2026-06-30 09:28:43,487 | INFO | Imported existing <module 'comtypes.gen' from 'C:\\Users\\ALWIN\\AppData\\Roaming\\Python\\Python314\\site-packages\\comtypes\\gen\\__init__.py'>
2026-06-30 09:28:43,487 | INFO | Using writeable comtypes cache directory: 'C:\Users\ALWIN\AppData\Roaming\Python\Python314\site-packages\comtypes\gen'
2026-06-30 09:28:43,595 | INFO | MAXIE Boot Started
2026-06-30 09:29:05,610 | INFO | MAXIE Started Successfully
2026-06-30 10:06:22,165 | INFO | Imported existing <module 'comtypes.gen' from 'C:\\Users\\ALWIN\\AppData\\Roaming\\Python\\Python314\\site-packages\\comtypes\\gen\\__init__.py'>
2026-06-30 10:06:22,165 | INFO | Using writeable comtypes cache directory: 'C:\Users\ALWIN\AppData\Roaming\Python\Python314\site-packages\comtypes\gen'
2026-06-30 10:06:22,271 | INFO | MAXIE Boot Started
2026-06-30 10:06:44,066 | INFO | MAXIE Started Successfully
2026-06-30 10:21:47,193 | INFO | Imported existing <module 'comtypes.gen' from 'C:\\Users\\ALWIN\\AppData\\Roaming\\Python\\Python314\\site-packages\\comtypes\\gen\\__init__.py'>
2026-06-30 10:21:47,193 | INFO | Using writeable comtypes cache directory: 'C:\Users\ALWIN\AppData\Roaming\Python\Python314\site-packages\comtypes\gen'
2026-06-30 10:21:47,298 | INFO | MAXIE Boot Started
2026-06-30 10:22:09,227 | INFO | MAXIE Started Successfully
2026-06-30 10:34:29,807 | INFO | Imported existing <module 'comtypes.gen' from 'C:\\Users\\ALWIN\\AppData\\Roaming\\Python\\Python314\\site-packages\\comtypes\\gen\\__init__.py'>
2026-06-30 10:34:29,807 | INFO | Using writeable comtypes cache directory: 'C:\Users\ALWIN\AppData\Roaming\Python\Python314\site-packages\comtypes\gen'
2026-06-30 10:34:29,912 | INFO | MAXIE Boot Started
2026-06-30 10:34:51,861 | INFO | MAXIE Started Successfully
2026-06-30 10:55:25,473 | INFO | Imported existing <module 'comtypes.gen' from 'C:\\Users\\ALWIN\\AppData\\Roaming\\Python\\Python314\\site-packages\\comtypes\\gen\\__init__.py'>
2026-06-30 10:55:25,473 | INFO | Using writeable comtypes cache directory: 'C:\Users\ALWIN\AppData\Roaming\Python\Python314\site-packages\comtypes\gen'
2026-06-30 10:55:25,603 | INFO | MAXIE Boot Started
2026-06-30 10:55:52,555 | INFO | MAXIE Started Successfully
